#-----------------------------------------------------------
# Vivado v2019.1 (64-bit)
# SW Build 2552052 on Fri May 24 14:49:42 MDT 2019
# IP Build 2548770 on Fri May 24 18:01:18 MDT 2019
# Start of session at: Thu Oct 20 20:09:12 2022
# Process ID: 22044
# Current directory: C:/Users/Alex/APS/aps_
# Command line: vivado.exe -gui_launcher_event rodinguilauncherevent21664 C:\Users\Alex\APS\aps_\aps_.xpr
# Log file: C:/Users/Alex/APS/aps_/vivado.log
# Journal file: C:/Users/Alex/APS/aps_\vivado.jou
#-----------------------------------------------------------
start_gui
open_project C:/Users/Alex/APS/aps_/aps_.xpr
launch_simulation
source top_tb.tcl
close_sim
launch_simulation
source top_tb.tcl
run all
run all
close_sim
launch_simulation
source top_tb.tcl
close_sim
launch_simulation
source top_tb.tcl
run all
close_sim
launch_simulation
source top_tb.tcl
run all
close_sim
launch_simulation
source top_tb.tcl
run 10 us
run 10 us
run 10 us
run 10 us
run 10 us
run 10 us
run 10 us
run 10 us
run 10 us
run 10 us
run 10 us
run 10 us
run 10 us
run 10 us
run 10 us
run 10 us
close_sim
launch_simulation
source top_tb.tcl
run all
close_sim
launch_simulation
source top_tb.tcl
close_sim
